// Jest Snapshot v1, https://goo.gl/fbAQLP

exports[`should render <loading> on movie details section if no data 1`] = `
<h1>
  Loading
</h1>
`;

exports[`should render movie details section correctly on movie page 1`] = `
<div
  className="makeStyles-root-1"
>
  <div
    className="makeStyles-credits-2"
  >
    <h3
      className="MuiTypography-root makeStyles-title-3 MuiTypography-h4"
    >
      Titanic
    </h3>
    <h6
      className="MuiTypography-root MuiTypography-h6"
    >
      Director: 
      James
    </h6>
    <h6
      className="MuiTypography-root MuiTypography-h6"
    >
      Producer: 
      Gio
    </h6>
    <p
      className="MuiTypography-root makeStyles-time-4 MuiTypography-body1"
    >
      USA
      , 
      1997
    </p>
    <p
      className="MuiTypography-root MuiTypography-body1"
    >
      194min
    </p>
  </div>
  <div
    className="makeStyles-plot-5"
  >
    <h6
      className="MuiTypography-root MuiTypography-h6"
      data-cy="synopsis"
    >
      Synopsis
    </h6>
    <p
      className="MuiTypography-root MuiTypography-body1"
    >
      A seventeen-year-old aristocrat falls in love with...
    </p>
  </div>
</div>
`;
