// Jest Snapshot v1, https://goo.gl/fbAQLP

exports[`should render Bechdel page correctly 1`] = `
Array [
  <h3
    className="MuiTypography-root makeStyles-title-2 MuiTypography-h3"
    data-cy="bechdel-setp-one"
  >
    The Bechdel Test
  </h3>,
  <div
    className="makeStyles-subtitle-3"
    data-cy="bechdel-author"
  >
    <a
      className="MuiTypography-root MuiLink-root MuiLink-underlineHover MuiTypography-colorPrimary"
      onBlur={[Function]}
      onFocus={[Function]}
      to=""
    >
      Alison Bechdel , Dykes to Watch Out For, 1985
    </a>
  </div>,
  <div
    className="MuiPaper-root makeStyles-paper-11 MuiPaper-elevation1 MuiPaper-rounded"
    data-cy="bechdel-idea"
  >
    A way of evaluating whether or not a movie portrays women in a way that is sexist or characterized by gender stereotyping
  </div>,
  <hr
    className="MuiDivider-root makeStyles-stepperLine-4"
  />,
  <div
    className="MuiPaper-root MuiMobileStepper-root MuiMobileStepper-positionStatic makeStyles-root-1 MuiPaper-elevation0"
  >
    <button
      className="MuiButtonBase-root MuiButton-root MuiButton-text MuiButton-textSizeSmall MuiButton-sizeSmall Mui-disabled Mui-disabled"
      data-cy="bechdel-back"
      disabled={true}
      onBlur={[Function]}
      onClick={[Function]}
      onDragLeave={[Function]}
      onFocus={[Function]}
      onKeyDown={[Function]}
      onKeyUp={[Function]}
      onMouseDown={[Function]}
      onMouseLeave={[Function]}
      onMouseUp={[Function]}
      onTouchEnd={[Function]}
      onTouchMove={[Function]}
      onTouchStart={[Function]}
      tabIndex={-1}
      type="button"
    >
      <span
        className="MuiButton-label"
      >
        <svg
          aria-hidden={true}
          className="MuiSvgIcon-root"
          focusable="false"
          viewBox="0 0 24 24"
        >
          <path
            d="M15.41 16.59L10.83 12l4.58-4.59L14 6l-6 6 6 6 1.41-1.41z"
          />
        </svg>
        Back
      </span>
    </button>
    <div
      className="MuiMobileStepper-dots"
    >
      <div
        className="MuiMobileStepper-dot MuiMobileStepper-dotActive"
      />
      <div
        className="MuiMobileStepper-dot"
      />
      <div
        className="MuiMobileStepper-dot"
      />
    </div>
    <button
      className="MuiButtonBase-root MuiButton-root MuiButton-text MuiButton-textSizeSmall MuiButton-sizeSmall"
      data-cy="bechdel-next"
      disabled={false}
      onBlur={[Function]}
      onClick={[Function]}
      onDragLeave={[Function]}
      onFocus={[Function]}
      onKeyDown={[Function]}
      onKeyUp={[Function]}
      onMouseDown={[Function]}
      onMouseLeave={[Function]}
      onMouseUp={[Function]}
      onTouchEnd={[Function]}
      onTouchMove={[Function]}
      onTouchStart={[Function]}
      tabIndex={0}
      type="button"
    >
      <span
        className="MuiButton-label"
      >
        Next
        <svg
          aria-hidden={true}
          className="MuiSvgIcon-root"
          focusable="false"
          viewBox="0 0 24 24"
        >
          <path
            d="M8.59 16.59L13.17 12 8.59 7.41 10 6l6 6-6 6-1.41-1.41z"
          />
        </svg>
      </span>
    </button>
  </div>,
  <button
    className="MuiButtonBase-root MuiButton-root MuiButton-outlined makeStyles-button-5"
    disabled={false}
    onBlur={[Function]}
    onDragLeave={[Function]}
    onFocus={[Function]}
    onKeyDown={[Function]}
    onKeyUp={[Function]}
    onMouseDown={[Function]}
    onMouseLeave={[Function]}
    onMouseUp={[Function]}
    onTouchEnd={[Function]}
    onTouchMove={[Function]}
    onTouchStart={[Function]}
    tabIndex={0}
    type="button"
  >
    <span
      className="MuiButton-label"
    >
      <a
        className="MuiTypography-root MuiLink-root MuiLink-underlineHover makeStyles-buttonLink-6 MuiTypography-colorPrimary"
        href="/"
        onBlur={[Function]}
        onClick={[Function]}
        onFocus={[Function]}
      >
        Skip to the movies
      </a>
    </span>
  </button>,
]
`;
